<html>
<body>
<pre>
<h1>礦ision Build Log</h1>
<h2>Tool Versions:</h2>
IDE-Version: μVision V5.14.0.0
Copyright (C) 2015 ARM Ltd and ARM Germany GmbH. All rights reserved.
License Information: LIN jun, rong, LIC=D0D56-DY8NZ-73NM8-3MD37-UWXZR-8U2X5
 
Tool Versions:
Toolchain:       MDK-ARM Standard  Version: 5.14.0.0
Toolchain Path:  C:\Keil_v5\ARM\ARMCC\Bin
C Compiler:      Armcc.exe V5.05 update 1 (build 106)
Assembler:       Armasm.exe V5.05 update 1 (build 106)
Linker/Locator:  ArmLink.exe V5.05 update 1 (build 106)
Library Manager: ArmAr.exe V5.05 update 1 (build 106)
Hex Converter:   FromElf.exe V5.05 update 1 (build 106)
CPU DLL:         SARMCM3.DLL V5.14.0.0
Dialog DLL:      DARMCM1.DLL V1.12.0.0
Target DLL:      UL2CM3.DLL V1.155.0.0
Dialog DLL:      TARMCM1.DLL V1.9.0.0
 
<h2>Project:</h2>
F:\项目&学习资料\新型电动自行车\项目设计文档\电机控制板设计资料\程序代码\Code_Jbike_Motor_TEST_V1.0_170331\Projects\Code_Jbike_Motor_TEST_V1.0_170331\MDK-ARM\STM32F030F4_Demo.uvproj
Project File Date:  04/02/2017

<h2>Output:</h2>
Rebuild target 'STM32F030F4'
compiling system_stm32f0xx.c...
assembling startup_stm32f030x8.s...
compiling stm32f0xx_adc.c...
compiling stm32f0xx_cec.c...
compiling stm32f0xx_comp.c...
compiling stm32f0xx_crc.c...
compiling stm32f0xx_dac.c...
compiling stm32f0xx_dbgmcu.c...
compiling stm32f0xx_dma.c...
compiling stm32f0xx_exti.c...
compiling stm32f0xx_flash.c...
compiling stm32f0xx_gpio.c...
compiling stm32f0xx_i2c.c...
compiling stm32f0xx_iwdg.c...
compiling stm32f0xx_misc.c...
compiling stm32f0xx_pwr.c...
compiling stm32f0xx_rcc.c...
compiling stm32f0xx_rtc.c...
compiling stm32f0xx_spi.c...
compiling stm32f0xx_syscfg.c...
compiling stm32f0xx_tim.c...
compiling stm32f0xx_usart.c...
compiling stm32f0xx_wwdg.c...
compiling main.c...
compiling stm32f0xx_it.c...
..\stm32f0xx_it.c(199): warning:  #186-D: pointless comparison of unsigned integer with zero
                                if(aim_speed<0)
..\stm32f0xx_it.c: 1 warning, 0 errors
compiling init.c...
linking...
Program Size: Code=4880 RO-data=224 RW-data=92 ZI-data=1076  
".\out\STM32F0308_Discovery.axf" - 0 Error(s), 1 Warning(s).
</pre>
</body>
</html>
